SQL> 
SQL> rem Made by Brennan Brown
SQL> 
SQL> 
SQL> rem QUESTION 1
SQL> 
SQL> select lastname, order#
  2  from customers natural join orders
  3  order by lastname, order#;

LASTNAME       ORDER#                                                                                                               
---------- ----------                                                                                                               
FALAH            1004                                                                                                               
FALAH            1015                                                                                                               
GIANA            1007                                                                                                               
GIANA            1014                                                                                                               
GIRARD           1000                                                                                                               
GIRARD           1009                                                                                                               
JONES            1020                                                                                                               
LEE              1013                                                                                                               
LUCAS            1001                                                                                                               
LUCAS            1011                                                                                                               
MCGOVERN         1002                                                                                                               
MONTIASA         1005                                                                                                               
MONTIASA         1019                                                                                                               
MORALES          1003                                                                                                               
MORALES          1018                                                                                                               
NELSON           1012                                                                                                               
PIERSON          1008                                                                                                               
SCHELL           1017                                                                                                               
SMITH            1006                                                                                                               
SMITH            1010                                                                                                               
SMITH            1016                                                                                                               

21 rows selected.

SQL> 
SQL> 
SQL> rem QUESTION 2
SQL> 
SQL> select firstname, lastname, title
  2  from customers join orders using (customer#)
  3  	     join orderitems using (order#)
  4  	     join books using(isbn)
  5  order by lastname, firstname, title;

FIRSTNAME  LASTNAME   TITLE                                                                                                         
---------- ---------- ------------------------------                                                                                
KENNETH    FALAH      COOKING WITH MUSHROOMS                                                                                        
KENNETH    FALAH      PAINLESS CHILD-REARING                                                                                        
TAMMY      GIANA      BIG BEAR AND LITTLE DOVE                                                                                      
TAMMY      GIANA      DATABASE IMPLEMENTATION                                                                                       
TAMMY      GIANA      E-BUSINESS THE EASY WAY                                                                                       
TAMMY      GIANA      HOLY GRAIL OF ORACLE                                                                                          
TAMMY      GIANA      REVENGE OF MICKEY                                                                                             
CINDY      GIRARD     COOKING WITH MUSHROOMS                                                                                        
CINDY      GIRARD     COOKING WITH MUSHROOMS                                                                                        
CINDY      GIRARD     REVENGE OF MICKEY                                                                                             
KENNETH    JONES      COOKING WITH MUSHROOMS                                                                                        
JASMINE    LEE        DATABASE IMPLEMENTATION                                                                                       
JAKE       LUCAS      HOW TO MANAGE THE MANAGER                                                                                     
JAKE       LUCAS      PAINLESS CHILD-REARING                                                                                        
JAKE       LUCAS      PAINLESS CHILD-REARING                                                                                        
REESE      MCGOVERN   DATABASE IMPLEMENTATION                                                                                       
GREG       MONTIASA   REVENGE OF MICKEY                                                                                             
GREG       MONTIASA   SHORTEST POEMS                                                                                                
BONITA     MORALES    BODYBUILD IN 10 MINUTES A DAY                                                                                 
BONITA     MORALES    COOKING WITH MUSHROOMS                                                                                        
BONITA     MORALES    COOKING WITH MUSHROOMS                                                                                        
BONITA     MORALES    DATABASE IMPLEMENTATION                                                                                       
BONITA     MORALES    DATABASE IMPLEMENTATION                                                                                       
BECCA      NELSON     BIG BEAR AND LITTLE DOVE                                                                                      
BECCA      NELSON     HANDCRANKED COMPUTERS                                                                                         
BECCA      NELSON     PAINLESS CHILD-REARING                                                                                        
BECCA      NELSON     REVENGE OF MICKEY                                                                                             
THOMAS     PIERSON    COOKING WITH MUSHROOMS                                                                                        
STEVE      SCHELL     BIG BEAR AND LITTLE DOVE                                                                                      
JENNIFER   SMITH      DATABASE IMPLEMENTATION                                                                                       
LEILA      SMITH      E-BUSINESS THE EASY WAY                                                                                       
LEILA      SMITH      PAINLESS CHILD-REARING                                                                                        

32 rows selected.

SQL> 
SQL> 
SQL> rem QUESTION 3
SQL> 
SQL> select firstname, lastname, title
  2  from customers c join orders o
  3  	     on (c.customer# = o.customer#) and
  4  join orderitems oi
  5  	     on (o.order# = oi.order#) and
  6  join books b
  7  	     on (oi.isbn = b.isbn)
  8  order by lastname, firstname, title;
join orderitems oi
     *
ERROR at line 4:
ORA-00920: invalid relational operator 


SQL> 
SQL> 
SQL> rem QUESTION 4
SQL> 
SQL> select firstname, lastname, title
  2  from customers c,
  3  	  orders o,
  4  	  orderitems oi,
  5  	  books b
  6  where c.customer# = o.customer# and
  7  	   o.order# = oi.order# and
  8  	   oi.isbn = b.isbn
  9  order by lastname, firstname, title;

FIRSTNAME  LASTNAME   TITLE                                                                                                         
---------- ---------- ------------------------------                                                                                
KENNETH    FALAH      COOKING WITH MUSHROOMS                                                                                        
KENNETH    FALAH      PAINLESS CHILD-REARING                                                                                        
TAMMY      GIANA      BIG BEAR AND LITTLE DOVE                                                                                      
TAMMY      GIANA      DATABASE IMPLEMENTATION                                                                                       
TAMMY      GIANA      E-BUSINESS THE EASY WAY                                                                                       
TAMMY      GIANA      HOLY GRAIL OF ORACLE                                                                                          
TAMMY      GIANA      REVENGE OF MICKEY                                                                                             
CINDY      GIRARD     COOKING WITH MUSHROOMS                                                                                        
CINDY      GIRARD     COOKING WITH MUSHROOMS                                                                                        
CINDY      GIRARD     REVENGE OF MICKEY                                                                                             
KENNETH    JONES      COOKING WITH MUSHROOMS                                                                                        
JASMINE    LEE        DATABASE IMPLEMENTATION                                                                                       
JAKE       LUCAS      HOW TO MANAGE THE MANAGER                                                                                     
JAKE       LUCAS      PAINLESS CHILD-REARING                                                                                        
JAKE       LUCAS      PAINLESS CHILD-REARING                                                                                        
REESE      MCGOVERN   DATABASE IMPLEMENTATION                                                                                       
GREG       MONTIASA   REVENGE OF MICKEY                                                                                             
GREG       MONTIASA   SHORTEST POEMS                                                                                                
BONITA     MORALES    BODYBUILD IN 10 MINUTES A DAY                                                                                 
BONITA     MORALES    COOKING WITH MUSHROOMS                                                                                        
BONITA     MORALES    COOKING WITH MUSHROOMS                                                                                        
BONITA     MORALES    DATABASE IMPLEMENTATION                                                                                       
BONITA     MORALES    DATABASE IMPLEMENTATION                                                                                       
BECCA      NELSON     BIG BEAR AND LITTLE DOVE                                                                                      
BECCA      NELSON     HANDCRANKED COMPUTERS                                                                                         
BECCA      NELSON     PAINLESS CHILD-REARING                                                                                        
BECCA      NELSON     REVENGE OF MICKEY                                                                                             
THOMAS     PIERSON    COOKING WITH MUSHROOMS                                                                                        
STEVE      SCHELL     BIG BEAR AND LITTLE DOVE                                                                                      
JENNIFER   SMITH      DATABASE IMPLEMENTATION                                                                                       
LEILA      SMITH      E-BUSINESS THE EASY WAY                                                                                       
LEILA      SMITH      PAINLESS CHILD-REARING                                                                                        

32 rows selected.

SQL> 
SQL> 
SQL> rem QUESTION 5
SQL> 
SQL> select firstname, lastname, title
  2  from customers natural join books
  3  order by lastname, firstname, title;

FIRSTNAME  LASTNAME   TITLE                                                                                                         
---------- ---------- ------------------------------                                                                                
MESHIA     CRUZ       BIG BEAR AND LITTLE DOVE                                                                                      
MESHIA     CRUZ       BODYBUILD IN 10 MINUTES A DAY                                                                                 
MESHIA     CRUZ       BUILDING A CAR WITH TOOTHPICKS                                                                                
MESHIA     CRUZ       COOKING WITH MUSHROOMS                                                                                        
MESHIA     CRUZ       DATABASE IMPLEMENTATION                                                                                       
MESHIA     CRUZ       E-BUSINESS THE EASY WAY                                                                                       
MESHIA     CRUZ       HANDCRANKED COMPUTERS                                                                                         
MESHIA     CRUZ       HOLY GRAIL OF ORACLE                                                                                          
MESHIA     CRUZ       HOW TO GET FASTER PIZZA                                                                                       
MESHIA     CRUZ       HOW TO MANAGE THE MANAGER                                                                                     
MESHIA     CRUZ       PAINLESS CHILD-REARING                                                                                        
MESHIA     CRUZ       REVENGE OF MICKEY                                                                                             
MESHIA     CRUZ       SHORTEST POEMS                                                                                                
MESHIA     CRUZ       THE WOK WAY TO COOK                                                                                           
MICHELL    DAUM       BIG BEAR AND LITTLE DOVE                                                                                      
MICHELL    DAUM       BODYBUILD IN 10 MINUTES A DAY                                                                                 
MICHELL    DAUM       BUILDING A CAR WITH TOOTHPICKS                                                                                
MICHELL    DAUM       COOKING WITH MUSHROOMS                                                                                        
MICHELL    DAUM       DATABASE IMPLEMENTATION                                                                                       
MICHELL    DAUM       E-BUSINESS THE EASY WAY                                                                                       
MICHELL    DAUM       HANDCRANKED COMPUTERS                                                                                         
MICHELL    DAUM       HOLY GRAIL OF ORACLE                                                                                          
MICHELL    DAUM       HOW TO GET FASTER PIZZA                                                                                       
MICHELL    DAUM       HOW TO MANAGE THE MANAGER                                                                                     
MICHELL    DAUM       PAINLESS CHILD-REARING                                                                                        
MICHELL    DAUM       REVENGE OF MICKEY                                                                                             
MICHELL    DAUM       SHORTEST POEMS                                                                                                
MICHELL    DAUM       THE WOK WAY TO COOK                                                                                           
KENNETH    FALAH      BIG BEAR AND LITTLE DOVE                                                                                      
KENNETH    FALAH      BODYBUILD IN 10 MINUTES A DAY                                                                                 
KENNETH    FALAH      BUILDING A CAR WITH TOOTHPICKS                                                                                
KENNETH    FALAH      COOKING WITH MUSHROOMS                                                                                        
KENNETH    FALAH      DATABASE IMPLEMENTATION                                                                                       
KENNETH    FALAH      E-BUSINESS THE EASY WAY                                                                                       
KENNETH    FALAH      HANDCRANKED COMPUTERS                                                                                         
KENNETH    FALAH      HOLY GRAIL OF ORACLE                                                                                          
KENNETH    FALAH      HOW TO GET FASTER PIZZA                                                                                       
KENNETH    FALAH      HOW TO MANAGE THE MANAGER                                                                                     
KENNETH    FALAH      PAINLESS CHILD-REARING                                                                                        
KENNETH    FALAH      REVENGE OF MICKEY                                                                                             
KENNETH    FALAH      SHORTEST POEMS                                                                                                
KENNETH    FALAH      THE WOK WAY TO COOK                                                                                           
TAMMY      GIANA      BIG BEAR AND LITTLE DOVE                                                                                      
TAMMY      GIANA      BODYBUILD IN 10 MINUTES A DAY                                                                                 
TAMMY      GIANA      BUILDING A CAR WITH TOOTHPICKS                                                                                
TAMMY      GIANA      COOKING WITH MUSHROOMS                                                                                        
TAMMY      GIANA      DATABASE IMPLEMENTATION                                                                                       
TAMMY      GIANA      E-BUSINESS THE EASY WAY                                                                                       
TAMMY      GIANA      HANDCRANKED COMPUTERS                                                                                         
TAMMY      GIANA      HOLY GRAIL OF ORACLE                                                                                          
TAMMY      GIANA      HOW TO GET FASTER PIZZA                                                                                       
TAMMY      GIANA      HOW TO MANAGE THE MANAGER                                                                                     
TAMMY      GIANA      PAINLESS CHILD-REARING                                                                                        
TAMMY      GIANA      REVENGE OF MICKEY                                                                                             
TAMMY      GIANA      SHORTEST POEMS                                                                                                
TAMMY      GIANA      THE WOK WAY TO COOK                                                                                           
CINDY      GIRARD     BIG BEAR AND LITTLE DOVE                                                                                      
CINDY      GIRARD     BODYBUILD IN 10 MINUTES A DAY                                                                                 
CINDY      GIRARD     BUILDING A CAR WITH TOOTHPICKS                                                                                
CINDY      GIRARD     COOKING WITH MUSHROOMS                                                                                        
CINDY      GIRARD     DATABASE IMPLEMENTATION                                                                                       
CINDY      GIRARD     E-BUSINESS THE EASY WAY                                                                                       
CINDY      GIRARD     HANDCRANKED COMPUTERS                                                                                         

FIRSTNAME  LASTNAME   TITLE                                                                                                         
---------- ---------- ------------------------------                                                                                
CINDY      GIRARD     HOLY GRAIL OF ORACLE                                                                                          
CINDY      GIRARD     HOW TO GET FASTER PIZZA                                                                                       
CINDY      GIRARD     HOW TO MANAGE THE MANAGER                                                                                     
CINDY      GIRARD     PAINLESS CHILD-REARING                                                                                        
CINDY      GIRARD     REVENGE OF MICKEY                                                                                             
CINDY      GIRARD     SHORTEST POEMS                                                                                                
CINDY      GIRARD     THE WOK WAY TO COOK                                                                                           
KENNETH    JONES      BIG BEAR AND LITTLE DOVE                                                                                      
KENNETH    JONES      BODYBUILD IN 10 MINUTES A DAY                                                                                 
KENNETH    JONES      BUILDING A CAR WITH TOOTHPICKS                                                                                
KENNETH    JONES      COOKING WITH MUSHROOMS                                                                                        
KENNETH    JONES      DATABASE IMPLEMENTATION                                                                                       
KENNETH    JONES      E-BUSINESS THE EASY WAY                                                                                       
KENNETH    JONES      HANDCRANKED COMPUTERS                                                                                         
KENNETH    JONES      HOLY GRAIL OF ORACLE                                                                                          
KENNETH    JONES      HOW TO GET FASTER PIZZA                                                                                       
KENNETH    JONES      HOW TO MANAGE THE MANAGER                                                                                     
KENNETH    JONES      PAINLESS CHILD-REARING                                                                                        
KENNETH    JONES      REVENGE OF MICKEY                                                                                             
KENNETH    JONES      SHORTEST POEMS                                                                                                
KENNETH    JONES      THE WOK WAY TO COOK                                                                                           
JASMINE    LEE        BIG BEAR AND LITTLE DOVE                                                                                      
JASMINE    LEE        BODYBUILD IN 10 MINUTES A DAY                                                                                 
JASMINE    LEE        BUILDING A CAR WITH TOOTHPICKS                                                                                
JASMINE    LEE        COOKING WITH MUSHROOMS                                                                                        
JASMINE    LEE        DATABASE IMPLEMENTATION                                                                                       
JASMINE    LEE        E-BUSINESS THE EASY WAY                                                                                       
JASMINE    LEE        HANDCRANKED COMPUTERS                                                                                         
JASMINE    LEE        HOLY GRAIL OF ORACLE                                                                                          
JASMINE    LEE        HOW TO GET FASTER PIZZA                                                                                       
JASMINE    LEE        HOW TO MANAGE THE MANAGER                                                                                     
JASMINE    LEE        PAINLESS CHILD-REARING                                                                                        
JASMINE    LEE        REVENGE OF MICKEY                                                                                             
JASMINE    LEE        SHORTEST POEMS                                                                                                
JASMINE    LEE        THE WOK WAY TO COOK                                                                                           
JAKE       LUCAS      BIG BEAR AND LITTLE DOVE                                                                                      
JAKE       LUCAS      BODYBUILD IN 10 MINUTES A DAY                                                                                 
JAKE       LUCAS      BUILDING A CAR WITH TOOTHPICKS                                                                                
JAKE       LUCAS      COOKING WITH MUSHROOMS                                                                                        
JAKE       LUCAS      DATABASE IMPLEMENTATION                                                                                       
JAKE       LUCAS      E-BUSINESS THE EASY WAY                                                                                       
JAKE       LUCAS      HANDCRANKED COMPUTERS                                                                                         
JAKE       LUCAS      HOLY GRAIL OF ORACLE                                                                                          
JAKE       LUCAS      HOW TO GET FASTER PIZZA                                                                                       
JAKE       LUCAS      HOW TO MANAGE THE MANAGER                                                                                     
JAKE       LUCAS      PAINLESS CHILD-REARING                                                                                        
JAKE       LUCAS      REVENGE OF MICKEY                                                                                             
JAKE       LUCAS      SHORTEST POEMS                                                                                                
JAKE       LUCAS      THE WOK WAY TO COOK                                                                                           
REESE      MCGOVERN   BIG BEAR AND LITTLE DOVE                                                                                      
REESE      MCGOVERN   BODYBUILD IN 10 MINUTES A DAY                                                                                 
REESE      MCGOVERN   BUILDING A CAR WITH TOOTHPICKS                                                                                
REESE      MCGOVERN   COOKING WITH MUSHROOMS                                                                                        
REESE      MCGOVERN   DATABASE IMPLEMENTATION                                                                                       
REESE      MCGOVERN   E-BUSINESS THE EASY WAY                                                                                       
REESE      MCGOVERN   HANDCRANKED COMPUTERS                                                                                         
REESE      MCGOVERN   HOLY GRAIL OF ORACLE                                                                                          
REESE      MCGOVERN   HOW TO GET FASTER PIZZA                                                                                       
REESE      MCGOVERN   HOW TO MANAGE THE MANAGER                                                                                     
REESE      MCGOVERN   PAINLESS CHILD-REARING                                                                                        
REESE      MCGOVERN   REVENGE OF MICKEY                                                                                             
REESE      MCGOVERN   SHORTEST POEMS                                                                                                
REESE      MCGOVERN   THE WOK WAY TO COOK                                                                                           

FIRSTNAME  LASTNAME   TITLE                                                                                                         
---------- ---------- ------------------------------                                                                                
WILLIAM    MCKENZIE   BIG BEAR AND LITTLE DOVE                                                                                      
WILLIAM    MCKENZIE   BODYBUILD IN 10 MINUTES A DAY                                                                                 
WILLIAM    MCKENZIE   BUILDING A CAR WITH TOOTHPICKS                                                                                
WILLIAM    MCKENZIE   COOKING WITH MUSHROOMS                                                                                        
WILLIAM    MCKENZIE   DATABASE IMPLEMENTATION                                                                                       
WILLIAM    MCKENZIE   E-BUSINESS THE EASY WAY                                                                                       
WILLIAM    MCKENZIE   HANDCRANKED COMPUTERS                                                                                         
WILLIAM    MCKENZIE   HOLY GRAIL OF ORACLE                                                                                          
WILLIAM    MCKENZIE   HOW TO GET FASTER PIZZA                                                                                       
WILLIAM    MCKENZIE   HOW TO MANAGE THE MANAGER                                                                                     
WILLIAM    MCKENZIE   PAINLESS CHILD-REARING                                                                                        
WILLIAM    MCKENZIE   REVENGE OF MICKEY                                                                                             
WILLIAM    MCKENZIE   SHORTEST POEMS                                                                                                
WILLIAM    MCKENZIE   THE WOK WAY TO COOK                                                                                           
GREG       MONTIASA   BIG BEAR AND LITTLE DOVE                                                                                      
GREG       MONTIASA   BODYBUILD IN 10 MINUTES A DAY                                                                                 
GREG       MONTIASA   BUILDING A CAR WITH TOOTHPICKS                                                                                
GREG       MONTIASA   COOKING WITH MUSHROOMS                                                                                        
GREG       MONTIASA   DATABASE IMPLEMENTATION                                                                                       
GREG       MONTIASA   E-BUSINESS THE EASY WAY                                                                                       
GREG       MONTIASA   HANDCRANKED COMPUTERS                                                                                         
GREG       MONTIASA   HOLY GRAIL OF ORACLE                                                                                          
GREG       MONTIASA   HOW TO GET FASTER PIZZA                                                                                       
GREG       MONTIASA   HOW TO MANAGE THE MANAGER                                                                                     
GREG       MONTIASA   PAINLESS CHILD-REARING                                                                                        
GREG       MONTIASA   REVENGE OF MICKEY                                                                                             
GREG       MONTIASA   SHORTEST POEMS                                                                                                
GREG       MONTIASA   THE WOK WAY TO COOK                                                                                           
BONITA     MORALES    BIG BEAR AND LITTLE DOVE                                                                                      
BONITA     MORALES    BODYBUILD IN 10 MINUTES A DAY                                                                                 
BONITA     MORALES    BUILDING A CAR WITH TOOTHPICKS                                                                                
BONITA     MORALES    COOKING WITH MUSHROOMS                                                                                        
BONITA     MORALES    DATABASE IMPLEMENTATION                                                                                       
BONITA     MORALES    E-BUSINESS THE EASY WAY                                                                                       
BONITA     MORALES    HANDCRANKED COMPUTERS                                                                                         
BONITA     MORALES    HOLY GRAIL OF ORACLE                                                                                          
BONITA     MORALES    HOW TO GET FASTER PIZZA                                                                                       
BONITA     MORALES    HOW TO MANAGE THE MANAGER                                                                                     
BONITA     MORALES    PAINLESS CHILD-REARING                                                                                        
BONITA     MORALES    REVENGE OF MICKEY                                                                                             
BONITA     MORALES    SHORTEST POEMS                                                                                                
BONITA     MORALES    THE WOK WAY TO COOK                                                                                           
BECCA      NELSON     BIG BEAR AND LITTLE DOVE                                                                                      
BECCA      NELSON     BODYBUILD IN 10 MINUTES A DAY                                                                                 
BECCA      NELSON     BUILDING A CAR WITH TOOTHPICKS                                                                                
BECCA      NELSON     COOKING WITH MUSHROOMS                                                                                        
BECCA      NELSON     DATABASE IMPLEMENTATION                                                                                       
BECCA      NELSON     E-BUSINESS THE EASY WAY                                                                                       
BECCA      NELSON     HANDCRANKED COMPUTERS                                                                                         
BECCA      NELSON     HOLY GRAIL OF ORACLE                                                                                          
BECCA      NELSON     HOW TO GET FASTER PIZZA                                                                                       
BECCA      NELSON     HOW TO MANAGE THE MANAGER                                                                                     
BECCA      NELSON     PAINLESS CHILD-REARING                                                                                        
BECCA      NELSON     REVENGE OF MICKEY                                                                                             
BECCA      NELSON     SHORTEST POEMS                                                                                                
BECCA      NELSON     THE WOK WAY TO COOK                                                                                           
NICHOLAS   NGUYEN     BIG BEAR AND LITTLE DOVE                                                                                      
NICHOLAS   NGUYEN     BODYBUILD IN 10 MINUTES A DAY                                                                                 
NICHOLAS   NGUYEN     BUILDING A CAR WITH TOOTHPICKS                                                                                
NICHOLAS   NGUYEN     COOKING WITH MUSHROOMS                                                                                        
NICHOLAS   NGUYEN     DATABASE IMPLEMENTATION                                                                                       
NICHOLAS   NGUYEN     E-BUSINESS THE EASY WAY                                                                                       
NICHOLAS   NGUYEN     HANDCRANKED COMPUTERS                                                                                         

FIRSTNAME  LASTNAME   TITLE                                                                                                         
---------- ---------- ------------------------------                                                                                
NICHOLAS   NGUYEN     HOLY GRAIL OF ORACLE                                                                                          
NICHOLAS   NGUYEN     HOW TO GET FASTER PIZZA                                                                                       
NICHOLAS   NGUYEN     HOW TO MANAGE THE MANAGER                                                                                     
NICHOLAS   NGUYEN     PAINLESS CHILD-REARING                                                                                        
NICHOLAS   NGUYEN     REVENGE OF MICKEY                                                                                             
NICHOLAS   NGUYEN     SHORTEST POEMS                                                                                                
NICHOLAS   NGUYEN     THE WOK WAY TO COOK                                                                                           
JORGE      PEREZ      BIG BEAR AND LITTLE DOVE                                                                                      
JORGE      PEREZ      BODYBUILD IN 10 MINUTES A DAY                                                                                 
JORGE      PEREZ      BUILDING A CAR WITH TOOTHPICKS                                                                                
JORGE      PEREZ      COOKING WITH MUSHROOMS                                                                                        
JORGE      PEREZ      DATABASE IMPLEMENTATION                                                                                       
JORGE      PEREZ      E-BUSINESS THE EASY WAY                                                                                       
JORGE      PEREZ      HANDCRANKED COMPUTERS                                                                                         
JORGE      PEREZ      HOLY GRAIL OF ORACLE                                                                                          
JORGE      PEREZ      HOW TO GET FASTER PIZZA                                                                                       
JORGE      PEREZ      HOW TO MANAGE THE MANAGER                                                                                     
JORGE      PEREZ      PAINLESS CHILD-REARING                                                                                        
JORGE      PEREZ      REVENGE OF MICKEY                                                                                             
JORGE      PEREZ      SHORTEST POEMS                                                                                                
JORGE      PEREZ      THE WOK WAY TO COOK                                                                                           
THOMAS     PIERSON    BIG BEAR AND LITTLE DOVE                                                                                      
THOMAS     PIERSON    BODYBUILD IN 10 MINUTES A DAY                                                                                 
THOMAS     PIERSON    BUILDING A CAR WITH TOOTHPICKS                                                                                
THOMAS     PIERSON    COOKING WITH MUSHROOMS                                                                                        
THOMAS     PIERSON    DATABASE IMPLEMENTATION                                                                                       
THOMAS     PIERSON    E-BUSINESS THE EASY WAY                                                                                       
THOMAS     PIERSON    HANDCRANKED COMPUTERS                                                                                         
THOMAS     PIERSON    HOLY GRAIL OF ORACLE                                                                                          
THOMAS     PIERSON    HOW TO GET FASTER PIZZA                                                                                       
THOMAS     PIERSON    HOW TO MANAGE THE MANAGER                                                                                     
THOMAS     PIERSON    PAINLESS CHILD-REARING                                                                                        
THOMAS     PIERSON    REVENGE OF MICKEY                                                                                             
THOMAS     PIERSON    SHORTEST POEMS                                                                                                
THOMAS     PIERSON    THE WOK WAY TO COOK                                                                                           
STEVE      SCHELL     BIG BEAR AND LITTLE DOVE                                                                                      
STEVE      SCHELL     BODYBUILD IN 10 MINUTES A DAY                                                                                 
STEVE      SCHELL     BUILDING A CAR WITH TOOTHPICKS                                                                                
STEVE      SCHELL     COOKING WITH MUSHROOMS                                                                                        
STEVE      SCHELL     DATABASE IMPLEMENTATION                                                                                       
STEVE      SCHELL     E-BUSINESS THE EASY WAY                                                                                       
STEVE      SCHELL     HANDCRANKED COMPUTERS                                                                                         
STEVE      SCHELL     HOLY GRAIL OF ORACLE                                                                                          
STEVE      SCHELL     HOW TO GET FASTER PIZZA                                                                                       
STEVE      SCHELL     HOW TO MANAGE THE MANAGER                                                                                     
STEVE      SCHELL     PAINLESS CHILD-REARING                                                                                        
STEVE      SCHELL     REVENGE OF MICKEY                                                                                             
STEVE      SCHELL     SHORTEST POEMS                                                                                                
STEVE      SCHELL     THE WOK WAY TO COOK                                                                                           
JENNIFER   SMITH      BIG BEAR AND LITTLE DOVE                                                                                      
JENNIFER   SMITH      BODYBUILD IN 10 MINUTES A DAY                                                                                 
JENNIFER   SMITH      BUILDING A CAR WITH TOOTHPICKS                                                                                
JENNIFER   SMITH      COOKING WITH MUSHROOMS                                                                                        
JENNIFER   SMITH      DATABASE IMPLEMENTATION                                                                                       
JENNIFER   SMITH      E-BUSINESS THE EASY WAY                                                                                       
JENNIFER   SMITH      HANDCRANKED COMPUTERS                                                                                         
JENNIFER   SMITH      HOLY GRAIL OF ORACLE                                                                                          
JENNIFER   SMITH      HOW TO GET FASTER PIZZA                                                                                       
JENNIFER   SMITH      HOW TO MANAGE THE MANAGER                                                                                     
JENNIFER   SMITH      PAINLESS CHILD-REARING                                                                                        
JENNIFER   SMITH      REVENGE OF MICKEY                                                                                             
JENNIFER   SMITH      SHORTEST POEMS                                                                                                
JENNIFER   SMITH      THE WOK WAY TO COOK                                                                                           

FIRSTNAME  LASTNAME   TITLE                                                                                                         
---------- ---------- ------------------------------                                                                                
LEILA      SMITH      BIG BEAR AND LITTLE DOVE                                                                                      
LEILA      SMITH      BODYBUILD IN 10 MINUTES A DAY                                                                                 
LEILA      SMITH      BUILDING A CAR WITH TOOTHPICKS                                                                                
LEILA      SMITH      COOKING WITH MUSHROOMS                                                                                        
LEILA      SMITH      DATABASE IMPLEMENTATION                                                                                       
LEILA      SMITH      E-BUSINESS THE EASY WAY                                                                                       
LEILA      SMITH      HANDCRANKED COMPUTERS                                                                                         
LEILA      SMITH      HOLY GRAIL OF ORACLE                                                                                          
LEILA      SMITH      HOW TO GET FASTER PIZZA                                                                                       
LEILA      SMITH      HOW TO MANAGE THE MANAGER                                                                                     
LEILA      SMITH      PAINLESS CHILD-REARING                                                                                        
LEILA      SMITH      REVENGE OF MICKEY                                                                                             
LEILA      SMITH      SHORTEST POEMS                                                                                                
LEILA      SMITH      THE WOK WAY TO COOK                                                                                           
RYAN       THOMPSON   BIG BEAR AND LITTLE DOVE                                                                                      
RYAN       THOMPSON   BODYBUILD IN 10 MINUTES A DAY                                                                                 
RYAN       THOMPSON   BUILDING A CAR WITH TOOTHPICKS                                                                                
RYAN       THOMPSON   COOKING WITH MUSHROOMS                                                                                        
RYAN       THOMPSON   DATABASE IMPLEMENTATION                                                                                       
RYAN       THOMPSON   E-BUSINESS THE EASY WAY                                                                                       
RYAN       THOMPSON   HANDCRANKED COMPUTERS                                                                                         
RYAN       THOMPSON   HOLY GRAIL OF ORACLE                                                                                          
RYAN       THOMPSON   HOW TO GET FASTER PIZZA                                                                                       
RYAN       THOMPSON   HOW TO MANAGE THE MANAGER                                                                                     
RYAN       THOMPSON   PAINLESS CHILD-REARING                                                                                        
RYAN       THOMPSON   REVENGE OF MICKEY                                                                                             
RYAN       THOMPSON   SHORTEST POEMS                                                                                                
RYAN       THOMPSON   THE WOK WAY TO COOK                                                                                           

280 rows selected.

SQL> 
SQL> 
SQL> rem QUESTION 6
SQL> 
SQL> select unique c.firstname, c.lastname,
  2  		   a.lname, a.fname
  3  from customers c,
  4  	  orders o,
  5  	  orderitems oi,
  6  	  books b,
  7  	  bookauthor ba,
  8  	  author a
  9  where c.customer# = o.customer#(+) and
 10  	   o.order# = oi.order#(+) and
 11  	   oi.isbn = b.isbn(+) and
 12  	   b.isbn = ba.isbn(+) and
 13  	   ba.authorid = a.authorid(+)
 14  order by lname, fname, lastname, firstname;

FIRSTNAME  LASTNAME   LNAME      FNAME                                                                                              
---------- ---------- ---------- ----------                                                                                         
TAMMY      GIANA      ADAMS      JUAN                                                                                               
JASMINE    LEE        ADAMS      JUAN                                                                                               
REESE      MCGOVERN   ADAMS      JUAN                                                                                               
BONITA     MORALES    ADAMS      JUAN                                                                                               
JENNIFER   SMITH      ADAMS      JUAN                                                                                               
TAMMY      GIANA      AUSTIN     JAMES                                                                                              
JASMINE    LEE        AUSTIN     JAMES                                                                                              
REESE      MCGOVERN   AUSTIN     JAMES                                                                                              
BONITA     MORALES    AUSTIN     JAMES                                                                                              
JENNIFER   SMITH      AUSTIN     JAMES                                                                                              
KENNETH    FALAH      BAKER      JACK                                                                                               
CINDY      GIRARD     BAKER      JACK                                                                                               
KENNETH    JONES      BAKER      JACK                                                                                               
JAKE       LUCAS      BAKER      JACK                                                                                               
BONITA     MORALES    BAKER      JACK                                                                                               
BECCA      NELSON     BAKER      JACK                                                                                               
THOMAS     PIERSON    BAKER      JACK                                                                                               
LEILA      SMITH      BAKER      JACK                                                                                               
KENNETH    FALAH      FIELDS     OSCAR                                                                                              
JAKE       LUCAS      FIELDS     OSCAR                                                                                              
BECCA      NELSON     FIELDS     OSCAR                                                                                              
LEILA      SMITH      FIELDS     OSCAR                                                                                              
TAMMY      GIANA      JONES      JANICE                                                                                             
CINDY      GIRARD     JONES      JANICE                                                                                             
GREG       MONTIASA   JONES      JANICE                                                                                             
BECCA      NELSON     JONES      JANICE                                                                                             
LEILA      SMITH      JONES      JANICE                                                                                             
TAMMY      GIANA      PETERSON   TINA                                                                                               
JASMINE    LEE        PETERSON   TINA                                                                                               
REESE      MCGOVERN   PETERSON   TINA                                                                                               
BONITA     MORALES    PETERSON   TINA                                                                                               
JENNIFER   SMITH      PETERSON   TINA                                                                                               
BONITA     MORALES    PORTER     LISA                                                                                               
KENNETH    FALAH      ROBINSON   ROBERT                                                                                             
TAMMY      GIANA      ROBINSON   ROBERT                                                                                             
JAKE       LUCAS      ROBINSON   ROBERT                                                                                             
BECCA      NELSON     ROBINSON   ROBERT                                                                                             
STEVE      SCHELL     ROBINSON   ROBERT                                                                                             
LEILA      SMITH      ROBINSON   ROBERT                                                                                             
BONITA     MORALES    SMITH      SAM                                                                                                
GREG       MONTIASA   WHITE      LISA                                                                                               
BECCA      NELSON     WHITE      LISA                                                                                               
JAKE       LUCAS      WHITE      WILLIAM                                                                                            
BECCA      NELSON     WHITE      WILLIAM                                                                                            
MESHIA     CRUZ                                                                                                                     
MICHELL    DAUM                                                                                                                     
WILLIAM    MCKENZIE                                                                                                                 
NICHOLAS   NGUYEN                                                                                                                   
JORGE      PEREZ                                                                                                                    
RYAN       THOMPSON                                                                                                                 

50 rows selected.

SQL> 
SQL> 
SQL> rem QUESTION 7
SQL> 
SQL> select customer#, lname, fname
  2  from customers join orders using (customer#)
  3  	     join orderitems using (order#)
  4  	     join books using (isbn)
  5  	     join bookauthor using (isbn)
  6  	     join author using (authorid)
  7  order by lname, fname;

 CUSTOMER# LNAME      FNAME                                                                                                         
---------- ---------- ----------                                                                                                    
      1011 ADAMS      JUAN                                                                                                          
      1019 ADAMS      JUAN                                                                                                          
      1001 ADAMS      JUAN                                                                                                          
      1001 ADAMS      JUAN                                                                                                          
      1014 ADAMS      JUAN                                                                                                          
      1007 ADAMS      JUAN                                                                                                          
      1001 AUSTIN     JAMES                                                                                                         
      1011 AUSTIN     JAMES                                                                                                         
      1019 AUSTIN     JAMES                                                                                                         
      1007 AUSTIN     JAMES                                                                                                         
      1001 AUSTIN     JAMES                                                                                                         
      1014 AUSTIN     JAMES                                                                                                         
      1007 AUSTIN     JAMES                                                                                                         
      1020 BAKER      JACK                                                                                                          
      1001 BAKER      JACK                                                                                                          
      1008 BAKER      JACK                                                                                                          
      1005 BAKER      JACK                                                                                                          
      1010 BAKER      JACK                                                                                                          
      1001 BAKER      JACK                                                                                                          
      1003 BAKER      JACK                                                                                                          
      1020 BAKER      JACK                                                                                                          
      1017 BAKER      JACK                                                                                                          
      1010 BAKER      JACK                                                                                                          
      1005 BAKER      JACK                                                                                                          
      1004 BAKER      JACK                                                                                                          
      1020 FIELDS     OSCAR                                                                                                         
      1003 FIELDS     OSCAR                                                                                                         
      1017 FIELDS     OSCAR                                                                                                         
      1010 FIELDS     OSCAR                                                                                                         
      1010 FIELDS     OSCAR                                                                                                         
      1005 JONES      JANICE                                                                                                        
      1003 JONES      JANICE                                                                                                        
      1007 JONES      JANICE                                                                                                        
      1018 JONES      JANICE                                                                                                        
      1007 JONES      JANICE                                                                                                        
      1017 JONES      JANICE                                                                                                        
      1007 PETERSON   TINA                                                                                                          
      1014 PETERSON   TINA                                                                                                          
      1001 PETERSON   TINA                                                                                                          
      1019 PETERSON   TINA                                                                                                          
      1011 PETERSON   TINA                                                                                                          
      1001 PETERSON   TINA                                                                                                          
      1001 PORTER     LISA                                                                                                          
      1017 ROBINSON   ROBERT                                                                                                        
      1015 ROBINSON   ROBERT                                                                                                        
      1017 ROBINSON   ROBERT                                                                                                        
      1010 ROBINSON   ROBERT                                                                                                        
      1010 ROBINSON   ROBERT                                                                                                        
      1007 ROBINSON   ROBERT                                                                                                        
      1020 ROBINSON   ROBERT                                                                                                        
      1003 ROBINSON   ROBERT                                                                                                        
      1001 SMITH      SAM                                                                                                           
      1017 WHITE      LISA                                                                                                          
      1018 WHITE      LISA                                                                                                          
      1017 WHITE      WILLIAM                                                                                                       
      1010 WHITE      WILLIAM                                                                                                       

56 rows selected.

SQL> 
SQL> 
SQL> rem QUESTION 8
SQL> 
SQL> select lname, fname, b.isbn, title
  2  from author a,
  3  	  bookauthor ba,
  4  	  books b
  5  where a.authorid(+) = ba.authorid and
  6  	   ba.isbn(+) = b.isbn
  7  order by lname;

LNAME      FNAME      ISBN       TITLE                                                                                              
---------- ---------- ---------- ------------------------------                                                                     
ADAMS      JUAN       8843172113 DATABASE IMPLEMENTATION                                                                            
AUSTIN     JAMES      8843172113 DATABASE IMPLEMENTATION                                                                            
AUSTIN     JAMES      3957136468 HOLY GRAIL OF ORACLE                                                                               
BAKER      JACK       3437212490 COOKING WITH MUSHROOMS                                                                             
BAKER      JACK       2491748320 PAINLESS CHILD-REARING                                                                             
FIELDS     OSCAR      2491748320 PAINLESS CHILD-REARING                                                                             
JONES      JANICE     9959789321 E-BUSINESS THE EASY WAY                                                                            
JONES      JANICE     0401140733 REVENGE OF MICKEY                                                                                  
KZOCHSKY   TAMARA     4981341710 BUILDING A CAR WITH TOOTHPICKS                                                                     
PETERSON   TINA       8843172113 DATABASE IMPLEMENTATION                                                                            
PORTER     LISA       1059831198 BODYBUILD IN 10 MINUTES A DAY                                                                      
ROBINSON   ROBERT     2491748320 PAINLESS CHILD-REARING                                                                             
ROBINSON   ROBERT     8117949391 BIG BEAR AND LITTLE DOVE                                                                           
SMITH      SAM        1059831198 BODYBUILD IN 10 MINUTES A DAY                                                                      
SMITH      SAM        0299282519 THE WOK WAY TO COOK                                                                                
SMITH      SAM        0132149871 HOW TO GET FASTER PIZZA                                                                            
WHITE      WILLIAM    9247381001 HOW TO MANAGE THE MANAGER                                                                          
WHITE      WILLIAM    1915762492 HANDCRANKED COMPUTERS                                                                              
WHITE      LISA       2147428890 SHORTEST POEMS                                                                                     
WHITE      LISA       1915762492 HANDCRANKED COMPUTERS                                                                              

20 rows selected.

SQL> 
SQL> spool off
